[backblue.gif]
[fade.gif]
[index.html]
[d1fuainj13qzhu.cloudfront.net/2.9.45/images/main-icons/safari-pinned-tab.svg]
[d1fuainj13qzhu.cloudfront.net/2.9.45/images/main-icons/apple-touch-icon.png]
[d1fuainj13qzhu.cloudfront.net/2.9.45/images/main-icons/favicon-16x16.png]
[d1fuainj13qzhu.cloudfront.net/2.9.45/images/main-icons/favicon-32x32.png]
[www.99freelas.com.br/site.webmanifest]
[www.99freelas.com.br/images/fb-article.jpg]
[99freelas.zendesk.com/hc/pt-br.1e.delayed]
[www.linkedin.com/uas/login7fcb.html]
[external.html]
[d1fuainj13qzhu.cloudfront.net/2.9.45/images/loading-circles.gif]
[d1fuainj13qzhu.cloudfront.net/2.9.45/js/main.js]
[workspaceupdates.googleblog.com/2023/04/new-community-features-for-google-chat-and-an-update-currents .html]
[www.facebook.com/loginb41e.html]
[www.facebook.com/login5ea9.html]
[accounts.google.com/o/oauth2/v2/auth.37fdb8.delayed]
[accounts.google.com/o/oauth2/v2/auth.397f44.delayed]
[d1fuainj13qzhu.cloudfront.net/2.9.45/js/plugins/jquery-1.8.2.min.js]
[d1fuainj13qzhu.cloudfront.net/2.9.45/js/plugins/jquery.form.min.js]
[d1fuainj13qzhu.cloudfront.net/2.9.45/js/plugins/jquery-ui-draggable.min.js]
[d1fuainj13qzhu.cloudfront.net/2.9.45/js/plugins/jquery-ui-1.11.4.custom.effects.min.js]
[www.googletagmanager.com/gtag/jsccd7]
[d1fuainj13qzhu.cloudfront.net/2.9.45/js/plugins/jquery.shorten.1.0.js]
[d1fuainj13qzhu.cloudfront.net/2.9.45/js/plugins/jquery.mCustomScrollbar.min.js]
[d1fuainj13qzhu.cloudfront.net/2.9.45/js/plugins/jquery.mousewheel.min.js]
[d1fuainj13qzhu.cloudfront.net/2.9.45/js/plugins/jquery.cp-plugins.js]
[d1fuainj13qzhu.cloudfront.net/2.9.45/js/plugins/jquery.expander.min.js]
[d1fuainj13qzhu.cloudfront.net/2.9.45/js/plugins/linkify.min.js]
[d1fuainj13qzhu.cloudfront.net/2.9.45/js/plugins/linkify-jquery.min.js]
[d1fuainj13qzhu.cloudfront.net/2.9.45/js/plugins/EventEmitter.js]
[d1fuainj13qzhu.cloudfront.net/2.9.45/js/utils/ServiceUtils.js]
[d1fuainj13qzhu.cloudfront.net/2.9.45/js/utils/ValidationUtils.js]
[d1fuainj13qzhu.cloudfront.net/2.9.45/js/utils/MessageUtils.js]
[d1fuainj13qzhu.cloudfront.net/2.9.45/js/utils/UrlUtils.js]
[d1fuainj13qzhu.cloudfront.net/2.9.45/js/utils/TooltipUtils.js]
[d1fuainj13qzhu.cloudfront.net/2.9.45/js/utils/StringUtils.js]
[d1fuainj13qzhu.cloudfront.net/2.9.45/js/utils/DateUtils.js]
[d1fuainj13qzhu.cloudfront.net/2.9.45/js/modules/Events.js]
[d1fuainj13qzhu.cloudfront.net/2.9.45/js/modules/Error.js]
[d1fuainj13qzhu.cloudfront.net/2.9.45/js/modules/InputCount.js]
[d1fuainj13qzhu.cloudfront.net/2.9.45/js/modules/ConcurrencyMod.js]
[d1fuainj13qzhu.cloudfront.net/2.9.45/js/modules/FaqBox.js]
[d1fuainj13qzhu.cloudfront.net/2.9.45/js/modules/SearchBox.js]
[d1fuainj13qzhu.cloudfront.net/2.9.45/js/modules/SearchPopUp.js]
[d1fuainj13qzhu.cloudfront.net/2.9.45/js/pages/templates/header.js]
[d1fuainj13qzhu.cloudfront.net/2.9.45/js/plugins/jquery.typer.js]
[d1fuainj13qzhu.cloudfront.net/2.9.45/js/plugins/jquery.flexslider.js]
[d1fuainj13qzhu.cloudfront.net/2.9.45/js/pages/index.js]
[www.99freelas.com.br/index.html]
[d1fuainj13qzhu.cloudfront.net/2.9.45/images/main-icons/safari-pinned-tab.svg]
[fonts.googleapis.com/css0549.css]
[static.cloudflareinsights.com/beacon.min.js/vcd15cbe7772f49c399c6a5babf22c1241717689176015]
[d1fuainj13qzhu.cloudfront.net/2.9.45/css/main.css]
[d1fuainj13qzhu.cloudfront.net/2.9.45/css/modules/page-simple.css]
[d1fuainj13qzhu.cloudfront.net/2.9.45/css/modules/modal.css]
[d1fuainj13qzhu.cloudfront.net/2.9.45/css/modules/faq-box.css]
[d1fuainj13qzhu.cloudfront.net/2.9.45/css/modules/search-box.css]
[d1fuainj13qzhu.cloudfront.net/2.9.45/css/modules/search-popup.css]
[d1fuainj13qzhu.cloudfront.net/2.9.45/css/plugins/flexslider/flexslider.css]
[d1fuainj13qzhu.cloudfront.net/2.9.45/css/modules/destaque.css]
[d1fuainj13qzhu.cloudfront.net/2.9.45/css/modules/como-funciona-3-passos.css]
[d1fuainj13qzhu.cloudfront.net/2.9.45/css/pages/index.css]
[www.99freelas.com.br/login.html]
[www.99freelas.com.br/register.html]
[www.99freelas.com.br/project/new.html]
[www.99freelas.com.br/como-funciona.html]
[www.99freelas.com.br/freelancers.html]
[www.99freelas.com.br/projects.html]
[www.99freelas.com.br/como-funciona579b.html]
[www.99freelas.com.br/register/freelancer.html]
[www.99freelas.com.br/freelancersb4a6.html]
[www.99freelas.com.br/freelancers0eb0.html]
[www.99freelas.com.br/freelancers3e0b.html]
[www.99freelas.com.br/freelancers6064.html]
[www.99freelas.com.br/freelancers6c64.html]
[blog.99freelas.com.br/index.html]
[99freelas.zendesk.com/hc/pt-br.html]
[www.99freelas.com.br/termos.html]
[www.99freelas.com.br/privacidade.html]
[www.99freelas.com.br/register/client.html]
[www.99freelas.com.br/como-funciona6a68.html]
[www.linkedin.com/uas/login7fcb.html]
[workspaceupdates.googleblog.com/2023/04/new-community-features-for-google-chat-and-an-update-currents .html]
[d1fuainj13qzhu.cloudfront.net/index.html]
[99freelas.s3-sa-east-1.amazonaws.com/index.html]
[www.facebook.com/99freelas]
[d2tfco5ldvlr4r.cloudfront.net/index.html]
[www.facebook.com/loginb41e.html]
[www.facebook.com/login5ea9.html]
[connect.facebook.net/en_US/fbds.js]
[www.facebook.com/tr0159]
[www.facebook.com/99freelas]
[twitter.com/99freelas]
[www.moip.com.br/transparente/MoipWidget-v2.js]
[ws.99freelas.com.br_3000/index.html]
